[1m============================= test session starts =============================[0m
platform win32 -- Python 3.13.7, pytest-9.0.1, pluggy-1.6.0
rootdir: C:\Users\mt\Desktop\Strategy\S_Python\+S_01 Movings_v26 TrailingMA Ultralight\S_01_v26-TrailingMA-Ultralight-main
configfile: pytest.ini
testpaths: tests
plugins: cov-7.0.0
collected 86 items

tests\test_export.py [32m.[0m[32m.[0m[32m.[0m[32m.[0m[32m.[0m[32m.[0m[32m.[0m[32m                                             [  8%][0m
tests\test_indicators.py [32m.[0m[32m.[0m[32m.[0m[32m.[0m[32m.[0m[32m.[0m[32m.[0m[32m.[0m[32m.[0m[32m.[0m[32m.[0m[32m.[0m[32m.[0m[32m.[0m[32m                                  [ 24%][0m
tests\test_metrics.py [32m.[0m[32m.[0m[32m.[0m[32m.[0m[32m.[0m[32m.[0m[32m.[0m[32m.[0m[32m.[0m[32m.[0m[32m.[0m[32m.[0m[32m                                       [ 38%][0m
tests\test_naming_consistency.py [32m.[0m[32m.[0m[32m.[0m[32m.[0m[32m.[0m[32m.[0m[32m.[0m[32m.[0m[32m.[0m[32m.[0m[32m.[0m[32m.[0m[32m.[0m[32m                           [ 53%][0m
tests\test_regression_s01.py [32m.[0m[32m.[0m[32m.[0m[32m.[0m[32m.[0m[32m.[0m[32m.[0m[32m.[0m[32m.[0m[32m.[0m[32m.[0m[32m.[0m[32m                                [ 67%][0m
